[INFO] Scanning for projects...
[INFO] 
[INFO] ----------------------------< com.msp:msp >-----------------------------
[INFO] Building MultiTenant SaaS POS System 0.0.1-SNAPSHOT
[INFO]   from pom.xml
[INFO] --------------------------------[ jar ]---------------------------------
[INFO] 
[INFO] --- clean:3.5.0:clean (default-clean) @ msp ---
[INFO] Deleting C:\Users\user\OneDrive\Desktop\dev-works\SaaS Tenant POS Sys\msp\target
[INFO] 
[INFO] --- resources:3.3.1:resources (default-resources) @ msp ---
[INFO] Copying 3 resources from src\main\resources to target\classes
[INFO] Copying 0 resource from src\main\resources to target\classes
[INFO] 
[INFO] --- compiler:3.14.1:compile (default-compile) @ msp ---
[INFO] Recompiling the module because of changed source code.
[INFO] Compiling 99 source files with javac [debug parameters release 21] to target\classes
[INFO] ------------------------------------------------------------------------
[INFO] BUILD FAILURE
[INFO] ------------------------------------------------------------------------
[INFO] Total time:  6.500 s
[INFO] Finished at: 2026-03-03T09:11:52+02:00
[INFO] ------------------------------------------------------------------------
[ERROR] Failed to execute goal org.apache.maven.plugins:maven-compiler-plugin:3.14.1:compile (default-compile) on project msp: Fatal error compiling: error: release version 21 not supported -> [Help 1]
[ERROR] 
[ERROR] To see the full stack trace of the errors, re-run Maven with the -e switch.
[ERROR] Re-run Maven using the -X switch to enable full debug logging.
[ERROR] 
[ERROR] For more information about the errors and possible solutions, please read the following articles:
[ERROR] [Help 1] http://cwiki.apache.org/confluence/display/MAVEN/MojoExecutionException
